  [ 1/45] capsule-5367566  measured        9/9 found  index  293082  7s
  [ 2/45] capsule-9168639  measured        0/6 found  index      75  0s
  [ 3/45] capsule-9166182  measured        0/18 found  index     549  97s
  [ 4/45] capsule-0325493  measured        6/6 found  index 2808969  141s
  [ 5/45] capsule-1854976  measured        0/9 found  index      48  2s
  [ 6/45] capsule-9022937  measured        0/3 found  index  138608  8s
  [ 7/45] capsule-8197429  measured        0/0 found  index 3198738  72s
  [ 8/45] capsule-2916503  measured        0/9 found  index     292  0s
  [ 9/45] capsule-0201225  measured        24/24 found  index     825  213s
  [10/45] capsule-9070543  measured        0/0 found  index 1192190  15s
  [11/45] capsule-1108125  measured        9/9 found  index     972  0s
  [12/45] capsule-6746514  measured        6/9 found  index   83772  2s
  [13/45] capsule-1683542  measured        6/6 found  index    1805  2s
  [14/45] capsule-5286757  measured        1/3 found  index   71206  1s
  [15/45] capsule-4884085  measured        0/3 found  index      53  9s
  [16/45] capsule-6460826  measured        0/18 found  index     941  0s
  [17/45] capsule-4098236  measured        6/6 found  index      45  0s
  [18/45] capsule-5975162  measured        3/6 found  index     150  1s
  [19/45] capsule-0220918  measured        6/6 found  index    5045  99s
  [20/45] capsule-4645832  measured        3/3 found  index 6387887  44s
  [21/45] capsule-2011424  measured        3/3 found  index    4953  1s
  [22/45] capsule-3249574  measured        3/3 found  index  458359  15s
  [23/45] capsule-5777882  measured        0/0 found  index   79658  17s
  [24/45] capsule-9370340  measured        0/3 found  index      49  2s
  [25/45] capsule-4807644  measured        0/0 found  index  280487  45s
  [26/45] capsule-1906954  measured        6/6 found  index     714  1s
  [27/45] capsule-9348218  measured        3/3 found  index  867904  10s
  [28/45] capsule-0238624  measured        6/6 found  index    7309  1s
  [29/45] capsule-3272782  measured        4/9 found  index     572  10s
  [30/45] capsule-4600160  measured        0/0 found  index   26919  5s
  [31/45] capsule-1324693  measured        0/0 found  index    2064  0s
  [32/45] capsule-6133093  measured        3/3 found  index     879  1s
  [33/45] capsule-0396930  measured        6/6 found  index   33495  4s
  [34/45] capsule-7981862  measured        3/3 found  index 21706596  520s
  [35/45] capsule-2061060  measured        0/3 found  index    4388  3s
  [36/45] capsule-0940461  measured        6/6 found  index     832  0s
  [37/45] capsule-3894632  measured        3/3 found  index  221864  2s
  [38/45] capsule-5496369  measured        6/6 found  index  231312  4s
  [39/45] capsule-8912293  measured        0/0 found  index  191678  51s
  [40/45] capsule-3497606  measured        0/0 found  index      62  0s
  [41/45] capsule-7156696  measured        0/0 found  index   13987  4s
  [42/45] capsule-7935517  measured        3/3 found  index   51926  1s
  [43/45] capsule-3269870  measured        0/6 found  index     325  0s
